<?xml version="1.0" encoding="utf-8"?><testsuites><testsuite name="pytest" errors="0" failures="0" skipped="0" tests="5" time="14.453" timestamp="2021-07-15T00:25:59.275695" hostname="MacBook-Air.local"><testcase classname="tests.maths.test_example.Tests_examples" name="test_addition" time="0.002" /><testcase classname="tests.maths.test_example.Tests_examples" name="test_subtraction" time="0.001" /><testcase classname="tests.maths.test_example.Tests_examples" name="test_dumm" time="0.001" /><testcase classname="tests.maths.test_example.Tests_examples" name="test_files" time="0.001" /><testcase classname="tests.trello.test_login.Tests_Login_001" name="test_login_ro_page" time="14.293" /></testsuite></testsuites>